// Jest Snapshot v1, https://goo.gl/fbAQLP

exports[`matches snapshort 1`] = `
<div
  className="btn btn-sm btn-primary"
  data-testid="button"
>
  Hi 
  Save
</div>
`;
